
  PartialTest
    - test must be implemented by derived suites

  CompleteTest
    âœ“ test must be implemented by derived suites

  1 passing
  1 pending
