
  PartialTest
    ✓ test from PartialTest

  CompleteTest
    ✓ test from CompleteTest
    ✓ test from PartialTest

  3 passing
