

  vanila tdd suite
    ✓ vanila test
    1) vanila failing test
    ✓ vanila asinc
    ✓ Vanila promise
    - pending
    - skipped

  vanila bdd suite
    ✓ vanila test
    2) vanila failing test
    ✓ vanila asinc
    ✓ Vanila promise
    - skipped

  Simple
    ✓ test

  Timeouts
    ✓ pass1
    3) pass2
    ✓ pass3

  InlineTrait
    4) timeout

  StockSequence
    ✓ step1
    5) step2
    - step3
    - step4

  CustomSequence
    ✓ step1
    6) step2
    - step3
    - step4

  name and trait
    ✓ step1
    7) step2
    - step3

  Slows
    ✓ pass1
    ✓ pass2 (
    ✓ pass3

  mocha typescript
    ✓ assert pass
    ✓ assert pass 2
    8) test fail
    9) test fail 2
    - test skip
    10) test intentinally timeout
    11) test intentinall fail due error before timeout
    ✓ test won't timeout but will be redish slow (
    ✓ test won't timeout but will be yellowish slow (

  Skipped1
    - test

  Skipped2
    - test

  Pending1
    - pending

  Pending2
    - pending

  Pending3
    - pending

  custom suite name
    ✓ custom test name

  InstanceTests
    ✓ test
    12) testFailing
    ✓ beforeAfterCalled

  AsyncInstanceTests
    ✓ test
    13) testFailing
    ✓ beforeAfterCalled


  24 passing
  14 pending
  13 failing

